[assembly: System.Runtime.Versioning.TargetFrameworkAttribute(".NETStandard,Version=v1.6", FrameworkDisplayName="")]
namespace FakeItEasy
{
    public class static ValueTaskReturnValueConfigurationExtensions
    {
        public static FakeItEasy.Configuration.IAfterCallConfiguredWithOutAndRefParametersConfiguration<FakeItEasy.Configuration.IReturnValueConfiguration<System.Threading.Tasks.ValueTask<T>>> Returns<T>(this FakeItEasy.Configuration.IReturnValueConfiguration<System.Threading.Tasks.ValueTask<T>> configuration, T value) { }
        public static FakeItEasy.Configuration.IAfterCallConfiguredWithOutAndRefParametersConfiguration<FakeItEasy.Configuration.IReturnValueConfiguration<System.Threading.Tasks.ValueTask<T>>> ReturnsLazily<T>(this FakeItEasy.Configuration.IReturnValueConfiguration<System.Threading.Tasks.ValueTask<T>> configuration, System.Func<T> valueProducer) { }
        public static FakeItEasy.Configuration.IAfterCallConfiguredWithOutAndRefParametersConfiguration<FakeItEasy.Configuration.IReturnValueConfiguration<System.Threading.Tasks.ValueTask<TReturnType>>> ReturnsLazily<TReturnType, T1>(this FakeItEasy.Configuration.IReturnValueConfiguration<System.Threading.Tasks.ValueTask<TReturnType>> configuration, System.Func<T1, TReturnType> valueProducer) { }
        public static FakeItEasy.Configuration.IAfterCallConfiguredWithOutAndRefParametersConfiguration<FakeItEasy.Configuration.IReturnValueConfiguration<System.Threading.Tasks.ValueTask<TReturnType>>> ReturnsLazily<TReturnType, T1, T2>(this FakeItEasy.Configuration.IReturnValueConfiguration<System.Threading.Tasks.ValueTask<TReturnType>> configuration, System.Func<T1, T2, TReturnType> valueProducer) { }
        public static FakeItEasy.Configuration.IAfterCallConfiguredWithOutAndRefParametersConfiguration<FakeItEasy.Configuration.IReturnValueConfiguration<System.Threading.Tasks.ValueTask<TReturnType>>> ReturnsLazily<TReturnType, T1, T2, T3>(this FakeItEasy.Configuration.IReturnValueConfiguration<System.Threading.Tasks.ValueTask<TReturnType>> configuration, System.Func<T1, T2, T3, TReturnType> valueProducer) { }
        public static FakeItEasy.Configuration.IAfterCallConfiguredWithOutAndRefParametersConfiguration<FakeItEasy.Configuration.IReturnValueConfiguration<System.Threading.Tasks.ValueTask<TReturnType>>> ReturnsLazily<TReturnType, T1, T2, T3, T4>(this FakeItEasy.Configuration.IReturnValueConfiguration<System.Threading.Tasks.ValueTask<TReturnType>> configuration, System.Func<T1, T2, T3, T4, TReturnType> valueProducer) { }
        public static FakeItEasy.Configuration.IAfterCallConfiguredWithOutAndRefParametersConfiguration<FakeItEasy.Configuration.IReturnValueConfiguration<System.Threading.Tasks.ValueTask<TReturnType>>> ReturnsLazily<TReturnType, T1, T2, T3, T4, T5>(this FakeItEasy.Configuration.IReturnValueConfiguration<System.Threading.Tasks.ValueTask<TReturnType>> configuration, System.Func<T1, T2, T3, T4, T5, TReturnType> valueProducer) { }
        public static FakeItEasy.Configuration.IAfterCallConfiguredWithOutAndRefParametersConfiguration<FakeItEasy.Configuration.IReturnValueConfiguration<System.Threading.Tasks.ValueTask<TReturnType>>> ReturnsLazily<TReturnType, T1, T2, T3, T4, T5, T6>(this FakeItEasy.Configuration.IReturnValueConfiguration<System.Threading.Tasks.ValueTask<TReturnType>> configuration, System.Func<T1, T2, T3, T4, T5, T6, TReturnType> valueProducer) { }
        public static FakeItEasy.Configuration.IAfterCallConfiguredWithOutAndRefParametersConfiguration<FakeItEasy.Configuration.IReturnValueConfiguration<System.Threading.Tasks.ValueTask<TReturnType>>> ReturnsLazily<TReturnType, T1, T2, T3, T4, T5, T6, T7>(this FakeItEasy.Configuration.IReturnValueConfiguration<System.Threading.Tasks.ValueTask<TReturnType>> configuration, System.Func<T1, T2, T3, T4, T5, T6, T7, TReturnType> valueProducer) { }
        public static FakeItEasy.Configuration.IAfterCallConfiguredWithOutAndRefParametersConfiguration<FakeItEasy.Configuration.IReturnValueConfiguration<System.Threading.Tasks.ValueTask<TReturnType>>> ReturnsLazily<TReturnType, T1, T2, T3, T4, T5, T6, T7, T8>(this FakeItEasy.Configuration.IReturnValueConfiguration<System.Threading.Tasks.ValueTask<TReturnType>> configuration, System.Func<T1, T2, T3, T4, T5, T6, T7, T8, TReturnType> valueProducer) { }
        public static void ReturnsNextFromSequence<T>(this FakeItEasy.Configuration.IReturnValueConfiguration<System.Threading.Tasks.ValueTask<T>> configuration, params T[] values) { }
    }
}